// Jest Snapshot v1, https://goo.gl/fbAQLP

exports[`mount search should render show results markup 1`] = `"There are no results that match your search"`;
